   -5.000000  0.018854 -0.137309  0.000000
   -4.990000  0.018855 -0.137312  0.000000
   -4.980000  0.018857 -0.137321  0.000000
   -4.970000  0.018861 -0.137336  0.000000
   -4.960000  0.018867 -0.137357  0.000000
   -4.950000  0.018874 -0.137383  0.000000
   -4.940000  0.018883 -0.137416  0.000000
   -4.930000  0.018894 -0.137455  0.000000
   -4.920000  0.018906 -0.137499  0.000000
   -4.910000  0.018920 -0.137549  0.000000
   -4.900000  0.018935 -0.137605  0.000000
   -4.890000  0.018952 -0.137667  0.000000
   -4.880000  0.018971 -0.137734  0.000000
   -4.870000  0.018991 -0.137807  0.000000
   -4.860000  0.019013 -0.137886  0.000000
   -4.850000  0.019036 -0.137970  0.000000
   -4.840000  0.019061 -0.138060  0.000000
   -4.830000  0.019087 -0.138155  0.000000
   -4.820000  0.019115 -0.138256  0.000000
   -4.810000  0.019144 -0.138362  0.000000
   -4.800000  0.019175 -0.138474  0.000000
   -4.790000  0.019207 -0.138590  0.000000
   -4.780000  0.019241 -0.138712  0.000000
   -4.770000  0.019276 -0.138839  0.000000
   -4.760000  0.019313 -0.138970  0.000000
   -4.750000  0.019351 -0.139107  0.000000
   -4.740000  0.019390 -0.139249  0.000000
   -4.730000  0.019431 -0.139395  0.000000
   -4.720000  0.019473 -0.139546  0.000000
   -4.710000  0.019516 -0.139701  0.000000
   -4.700000  0.019561 -0.139861  0.000000
   -4.690000  0.019607 -0.140025  0.000000
   -4.680000  0.019654 -0.140194  0.000000
   -4.670000  0.019703 -0.140367  0.000000
   -4.660000  0.019753 -0.140544  0.000000
   -4.650000  0.019803 -0.140725  0.000000
   -4.640000  0.019855 -0.140909  0.000000
   -4.630000  0.019909 -0.141098  0.000000
   -4.620000  0.019963 -0.141290  0.000000
   -4.610000  0.020018 -0.141486  0.000000
   -4.600000  0.020075 -0.141685  0.000000
   -4.590000  0.020132 -0.141888  0.000000
   -4.580000  0.020191 -0.142093  0.000000
   -4.570000  0.020250 -0.142302  0.000000
   -4.560000  0.020310 -0.142514  0.000000
   -4.550000  0.020372 -0.142729  0.000000
   -4.540000  0.020434 -0.142947  0.000000
   -4.530000  0.020497 -0.143167  0.000000
   -4.520000  0.020561 -0.143390  0.000000
   -4.510000  0.020626 -0.143616  0.000000
   -4.500000  0.020691 -0.143844  0.000000
   -4.490000  0.020757 -0.144074  0.000000
   -4.480000  0.020824 -0.144306  0.000000
   -4.470000  0.020892 -0.144540  0.000000
   -4.460000  0.020960 -0.144776  0.000000
   -4.450000  0.021029 -0.145014  0.000000
   -4.440000  0.021099 -0.145254  0.000000
   -4.430000  0.021169 -0.145496  0.000000
   -4.420000  0.021240 -0.145738  0.000000
   -4.410000  0.021311 -0.145983  0.000000
   -4.400000  0.021383 -0.146228  0.000000
   -4.390000  0.021455 -0.146475  0.000000
   -4.380000  0.021528 -0.146723  0.000000
   -4.370000  0.021601 -0.146972  0.000000
   -4.360000  0.021674 -0.147222  0.000000
   -4.350000  0.021748 -0.147473  0.000000
   -4.340000  0.021823 -0.147724  0.000000
   -4.330000  0.021897 -0.147977  0.000000
   -4.320000  0.021972 -0.148230  0.000000
   -4.310000  0.022047 -0.148483  0.000000
   -4.300000  0.022123 -0.148737  0.000000
   -4.290000  0.022198 -0.148991  0.000000
   -4.280000  0.022274 -0.149245  0.000000
   -4.270000  0.022350 -0.149500  0.000000
   -4.260000  0.022427 -0.149755  0.000000
   -4.250000  0.022503 -0.150010  0.000000
   -4.240000  0.022580 -0.150265  0.000000
   -4.230000  0.022656 -0.150520  0.000000
   -4.220000  0.022733 -0.150775  0.000000
   -4.210000  0.022810 -0.151030  0.000000
   -4.200000  0.022887 -0.151285  0.000000
   -4.190000  0.022964 -0.151539  0.000000
   -4.180000  0.023041 -0.151794  0.000000
   -4.170000  0.023119 -0.152048  0.000000
   -4.160000  0.023196 -0.152302  0.000000
   -4.150000  0.023273 -0.152555  0.000000
   -4.140000  0.023350 -0.152808  0.000000
   -4.130000  0.023428 -0.153061  0.000000
   -4.120000  0.023505 -0.153314  0.000000
   -4.110000  0.023583 -0.153566  0.000000
   -4.100000  0.023660 -0.153818  0.000000
   -4.090000  0.023737 -0.154069  0.000000
   -4.080000  0.023815 -0.154321  0.000000
   -4.070000  0.023892 -0.154571  0.000000
   -4.060000  0.023970 -0.154822  0.000000
   -4.050000  0.024047 -0.155072  0.000000
   -4.040000  0.024125 -0.155322  0.000000
   -4.030000  0.024202 -0.155571  0.000000
   -4.020000  0.024280 -0.155821  0.000000
   -4.010000  0.024358 -0.156070  0.000000
   -4.000000  0.024436 -0.156319  0.000000
   -3.990000  0.024513 -0.156567  0.000000
   -3.980000  0.024591 -0.156816  0.000000
   -3.970000  0.024669 -0.157065  0.000000
   -3.960000  0.024748 -0.157313  0.000000
   -3.950000  0.024826 -0.157562  0.000000
   -3.940000  0.024904 -0.157811  0.000000
   -3.930000  0.024983 -0.158060  0.000000
   -3.920000  0.025062 -0.158309  0.000000
   -3.910000  0.025141 -0.158559  0.000000
   -3.900000  0.025220 -0.158809  0.000000
   -3.890000  0.025300 -0.159060  0.000000
   -3.880000  0.025380 -0.159311  0.000000
   -3.870000  0.025460 -0.159562  0.000000
   -3.860000  0.025541 -0.159815  0.000000
   -3.850000  0.025622 -0.160068  0.000000
   -3.840000  0.025703 -0.160322  0.000000
   -3.830000  0.025785 -0.160577  0.000000
   -3.820000  0.025867 -0.160834  0.000000
   -3.810000  0.025950 -0.161091  0.000000
   -3.800000  0.026034 -0.161350  0.000000
   -3.790000  0.026118 -0.161610  0.000000
   -3.780000  0.026203 -0.161872  0.000000
   -3.770000  0.026288 -0.162136  0.000000
   -3.760000  0.026374 -0.162401  0.000000
   -3.750000  0.026461 -0.162668  0.000000
   -3.740000  0.026549 -0.162937  0.000000
   -3.730000  0.026637 -0.163209  0.000000
   -3.720000  0.026726 -0.163482  0.000000
   -3.710000  0.026817 -0.163758  0.000000
   -3.700000  0.026908 -0.164037  0.000000
   -3.690000  0.027000 -0.164318  0.000000
   -3.680000  0.027094 -0.164601  0.000000
   -3.670000  0.027188 -0.164888  0.000000
   -3.660000  0.027284 -0.165178  0.000000
   -3.650000  0.027380 -0.165470  0.000000
   -3.640000  0.027479 -0.165767  0.000000
   -3.630000  0.027578 -0.166066  0.000000
   -3.620000  0.027679 -0.166369  0.000000
   -3.610000  0.027781 -0.166676  0.000000
   -3.600000  0.027884 -0.166986  0.000000
   -3.590000  0.027989 -0.167300  0.000000
   -3.580000  0.028096 -0.167619  0.000000
   -3.570000  0.028204 -0.167941  0.000000
   -3.560000  0.028314 -0.168268  0.000000
   -3.550000  0.028426 -0.168600  0.000000
   -3.540000  0.028539 -0.168936  0.000000
   -3.530000  0.028654 -0.169276  0.000000
   -3.520000  0.028772 -0.169622  0.000000
   -3.510000  0.028891 -0.169972  0.000000
   -3.500000  0.029011 -0.170328  0.000000
   -3.490000  0.029134 -0.170688  0.000000
   -3.480000  0.029260 -0.171054  0.000000
   -3.470000  0.029387 -0.171426  0.000000
   -3.460000  0.029516 -0.171803  0.000000
   -3.450000  0.029648 -0.172185  0.000000
   -3.440000  0.029782 -0.172573  0.000000
   -3.430000  0.029918 -0.172968  0.000000
   -3.420000  0.030056 -0.173368  0.000000
   -3.410000  0.030197 -0.173774  0.000000
   -3.400000  0.030341 -0.174187  0.000000
   -3.390000  0.030487 -0.174606  0.000000
   -3.380000  0.030636 -0.175031  0.000000
   -3.370000  0.030787 -0.175462  0.000000
   -3.360000  0.030941 -0.175901  0.000000
   -3.350000  0.031098 -0.176345  0.000000
   -3.340000  0.031257 -0.176797  0.000000
   -3.330000  0.031419 -0.177255  0.000000
   -3.320000  0.031585 -0.177721  0.000000
   -3.310000  0.031753 -0.178193  0.000000
   -3.300000  0.031924 -0.178672  0.000000
   -3.290000  0.032098 -0.179158  0.000000
   -3.280000  0.032275 -0.179652  0.000000
   -3.270000  0.032455 -0.180153  0.000000
   -3.260000  0.032638 -0.180660  0.000000
   -3.250000  0.032825 -0.181176  0.000000
   -3.240000  0.033014 -0.181698  0.000000
   -3.230000  0.033207 -0.182228  0.000000
   -3.220000  0.033403 -0.182765  0.000000
   -3.210000  0.033603 -0.183310  0.000000
   -3.200000  0.033805 -0.183862  0.000000
   -3.190000  0.034011 -0.184422  0.000000
   -3.180000  0.034221 -0.184989  0.000000
   -3.170000  0.034434 -0.185564  0.000000
   -3.160000  0.034650 -0.186146  0.000000
   -3.150000  0.034870 -0.186735  0.000000
   -3.140000  0.035093 -0.187332  0.000000
   -3.130000  0.035320 -0.187937  0.000000
   -3.120000  0.035551 -0.188549  0.000000
   -3.110000  0.035785 -0.189169  0.000000
   -3.100000  0.036022 -0.189796  0.000000
   -3.090000  0.036264 -0.190430  0.000000
   -3.080000  0.036509 -0.191072  0.000000
   -3.070000  0.036757 -0.191721  0.000000
   -3.060000  0.037009 -0.192378  0.000000
   -3.050000  0.037265 -0.193042  0.000000
   -3.040000  0.037525 -0.193713  0.000000
   -3.030000  0.037788 -0.194391  0.000000
   -3.020000  0.038055 -0.195076  0.000000
   -3.010000  0.038325 -0.195769  0.000000
   -3.000000  0.038600 -0.196468  0.000000
   -2.990000  0.038878 -0.197175  0.000000
   -2.980000  0.039160 -0.197888  0.000000
   -2.970000  0.039445 -0.198608  0.000000
   -2.960000  0.039734 -0.199334  0.000000
   -2.950000  0.040027 -0.200067  0.000000
   -2.940000  0.040323 -0.200807  0.000000
   -2.930000  0.040624 -0.201553  0.000000
   -2.920000  0.040928 -0.202306  0.000000
   -2.910000  0.041235 -0.203064  0.000000
   -2.900000  0.041546 -0.203829  0.000000
   -2.890000  0.041861 -0.204600  0.000000
   -2.880000  0.042180 -0.205377  0.000000
   -2.870000  0.042502 -0.206159  0.000000
   -2.860000  0.042827 -0.206948  0.000000
   -2.850000  0.043157 -0.207742  0.000000
   -2.840000  0.043489 -0.208541  0.000000
   -2.830000  0.043826 -0.209345  0.000000
   -2.820000  0.044165 -0.210155  0.000000
   -2.810000  0.044508 -0.210970  0.000000
   -2.800000  0.044855 -0.211790  0.000000
   -2.790000  0.045205 -0.212615  0.000000
   -2.780000  0.045558 -0.213444  0.000000
   -2.770000  0.045915 -0.214278  0.000000
   -2.760000  0.046275 -0.215117  0.000000
   -2.750000  0.046638 -0.215959  0.000000
   -2.740000  0.047005 -0.216806  0.000000
   -2.730000  0.047375 -0.217657  0.000000
   -2.720000  0.047747 -0.218512  0.000000
   -2.710000  0.048123 -0.219370  0.000000
   -2.700000  0.048502 -0.220233  0.000000
   -2.690000  0.048884 -0.221098 -0.000000
   -2.680000  0.049269 -0.221967  0.000000
   -2.670000  0.049657 -0.222840 -0.000000
   -2.660000  0.050048 -0.223715 -0.000000
   -2.650000  0.050442 -0.224593  0.000000
   -2.640000  0.050839 -0.225474 -0.000000
   -2.630000  0.051238 -0.226358 -0.000000
   -2.620000  0.051640 -0.227244 -0.000000
   -2.610000  0.052045 -0.228133 -0.000000
   -2.600000  0.052452 -0.229024 -0.000000
   -2.590000  0.052862 -0.229917 -0.000000
   -2.580000  0.053274 -0.230813 -0.000000
   -2.570000  0.053689 -0.231710 -0.000000
   -2.560000  0.054107 -0.232609 -0.000000
   -2.550000  0.054527 -0.233509 -0.000000
   -2.540000  0.054949 -0.234412 -0.000000
   -2.530000  0.055373 -0.235315 -0.000000
   -2.520000  0.055800 -0.236220 -0.000000
   -2.510000  0.056229 -0.237127 -0.000000
   -2.500000  0.056660 -0.238034 -0.000000
   -2.490000  0.057094 -0.238943 -0.000000
   -2.480000  0.057529 -0.239852 -0.000000
   -2.470000  0.057967 -0.240762 -0.000000
   -2.460000  0.058406 -0.241673 -0.000000
   -2.450000  0.058848 -0.242585 -0.000000
   -2.440000  0.059291 -0.243498 -0.000000
   -2.430000  0.059737 -0.244411 -0.000000
   -2.420000  0.060184 -0.245324 -0.000000
   -2.410000  0.060633 -0.246238 -0.000000
   -2.400000  0.061084 -0.247152 -0.000000
   -2.390000  0.061537 -0.248067 -0.000000
   -2.380000  0.061992 -0.248981 -0.000000
   -2.370000  0.062448 -0.249896 -0.000000
   -2.360000  0.062906 -0.250812 -0.000000
   -2.350000  0.063366 -0.251727 -0.000000
   -2.340000  0.063828 -0.252642 -0.000000
   -2.330000  0.064292 -0.253558 -0.000000
   -2.320000  0.064757 -0.254473 -0.000000
   -2.310000  0.065224 -0.255389 -0.000000
   -2.300000  0.065692 -0.256305 -0.000000
   -2.290000  0.066162 -0.257221 -0.000000
   -2.280000  0.066634 -0.258137 -0.000000
   -2.270000  0.067108 -0.259052 -0.000000
   -2.260000  0.067584 -0.259969 -0.000000
   -2.250000  0.068061 -0.260885 -0.000000
   -2.240000  0.068540 -0.261801 -0.000000
   -2.230000  0.069021 -0.262718 -0.000000
   -2.220000  0.069503 -0.263635 -0.000000
   -2.210000  0.069988 -0.264552 -0.000000
   -2.200000  0.070474 -0.265469 -0.000000
   -2.190000  0.070962 -0.266387 -0.000000
   -2.180000  0.071452 -0.267306 -0.000000
   -2.170000  0.071945 -0.268225 -0.000000
   -2.160000  0.072439 -0.269145 -0.000000
   -2.150000  0.072935 -0.270065 -0.000000
   -2.140000  0.073434 -0.270987 -0.000000
   -2.130000  0.073934 -0.271909 -0.000000
   -2.120000  0.074437 -0.272832 -0.000000
   -2.110000  0.074943 -0.273757 -0.000000
   -2.100000  0.075451 -0.274683 -0.000000
   -2.090000  0.075961 -0.275610 -0.000000
   -2.080000  0.076474 -0.276539 -0.000000
   -2.070000  0.076989 -0.277470 -0.000000
   -2.060000  0.077508 -0.278402 -0.000000
   -2.050000  0.078029 -0.279337 -0.000000
   -2.040000  0.078553 -0.280273 -0.000000
   -2.030000  0.079080 -0.281212 -0.000000
   -2.020000  0.079611 -0.282154 -0.000000
   -2.010000  0.080144 -0.283098 -0.000000
   -2.000000  0.080681 -0.284045 -0.000000
   -1.990000  0.081222 -0.284995 -0.000000
   -1.980000  0.081766 -0.285948 -0.000000
   -1.970000  0.082314 -0.286905 -0.000000
   -1.960000  0.082866 -0.287865 -0.000000
   -1.950000  0.083422 -0.288829 -0.000000
   -1.940000  0.083982 -0.289797 -0.000000
   -1.930000  0.084547 -0.290769 -0.000000
   -1.920000  0.085116 -0.291746 -0.000000
   -1.910000  0.085689 -0.292727 -0.000000
   -1.900000  0.086268 -0.293713 -0.000000
   -1.890000  0.086851 -0.294705 -0.000000
   -1.880000  0.087439 -0.295701 -0.000000
   -1.870000  0.088033 -0.296704 -0.000000
   -1.860000  0.088632 -0.297712 -0.000000
   -1.850000  0.089237 -0.298726 -0.000000
   -1.840000  0.089848 -0.299746 -0.000000
   -1.830000  0.090464 -0.300773 -0.000000
   -1.820000  0.091087 -0.301806 -0.000000
   -1.810000  0.091716 -0.302847 -0.000000
   -1.800000  0.092352 -0.303895 -0.000000
   -1.790000  0.092994 -0.304950 -0.000000
   -1.780000  0.093644 -0.306013 -0.000000
   -1.770000  0.094300 -0.307084 -0.000000
   -1.760000  0.094964 -0.308163 -0.000000
   -1.750000  0.095636 -0.309251 -0.000000
   -1.740000  0.096315 -0.310347 -0.000000
   -1.730000  0.097002 -0.311452 -0.000000
   -1.720000  0.097698 -0.312566 -0.000000
   -1.710000  0.098402 -0.313690 -0.000000
   -1.700000  0.099114 -0.314824 -0.000000
   -1.690000  0.099835 -0.315967 -0.000000
   -1.680000  0.100566 -0.317121 -0.000000
   -1.670000  0.101305 -0.318285 -0.000000
   -1.660000  0.102054 -0.319459 -0.000000
   -1.650000  0.102813 -0.320645 -0.000000
   -1.640000  0.103582 -0.321841 -0.000000
   -1.630000  0.104361 -0.323049 -0.000000
   -1.620000  0.105150 -0.324268 -0.000000
   -1.610000  0.105950 -0.325500 -0.000000
   -1.600000  0.106761 -0.326743 -0.000000
   -1.590000  0.107582 -0.327998 -0.000000
   -1.580000  0.108416 -0.329265 -0.000000
   -1.570000  0.109260 -0.330545 -0.000000
   -1.560000  0.110117 -0.331838 -0.000000
   -1.550000  0.110985 -0.333144 -0.000000
   -1.540000  0.111865 -0.334463 -0.000000
   -1.530000  0.112758 -0.335795 -0.000000
   -1.520000  0.113664 -0.337140 -0.000000
   -1.510000  0.114582 -0.338499 -0.000000
   -1.500000  0.115513 -0.339872 -0.000000
   -1.490000  0.116458 -0.341259 -0.000000
   -1.480000  0.117416 -0.342660 -0.000000
   -1.470000  0.118388 -0.344075 -0.000000
   -1.460000  0.119373 -0.345504 -0.000000
   -1.450000  0.120373 -0.346948 -0.000000
   -1.440000  0.121387 -0.348406 -0.000000
   -1.430000  0.122416 -0.349879 -0.000000
   -1.420000  0.123459 -0.351367 -0.000000
   -1.410000  0.124517 -0.352869 -0.000000
   -1.400000  0.125590 -0.354386 -0.000000
   -1.390000  0.126678 -0.355918 -0.000000
   -1.380000  0.127782 -0.357466 -0.000000
   -1.370000  0.128901 -0.359028 -0.000000
   -1.360000  0.130036 -0.360605 -0.000000
   -1.350000  0.131186 -0.362197 -0.000000
   -1.340000  0.132353 -0.363804 -0.000000
   -1.330000  0.133536 -0.365426 -0.000000
   -1.320000  0.134735 -0.367063 -0.000000
   -1.310000  0.135951 -0.368715 -0.000000
   -1.300000  0.137183 -0.370383 -0.000000
   -1.290000  0.138432 -0.372065 -0.000000
   -1.280000  0.139698 -0.373762 -0.000000
   -1.270000  0.140980 -0.375473 -0.000000
   -1.260000  0.142280 -0.377200 -0.000000
   -1.250000  0.143596 -0.378941 -0.000000
   -1.240000  0.144930 -0.380696 -0.000000
   -1.230000  0.146281 -0.382466 -0.000000
   -1.220000  0.147648 -0.384250 -0.000000
   -1.210000  0.149034 -0.386049  0.000000
   -1.200000  0.150436 -0.387861  0.000000
   -1.190000  0.151856 -0.389687  0.000000
   -1.180000  0.153293 -0.391526  0.000000
   -1.170000  0.154747 -0.393379  0.000000
   -1.160000  0.156219 -0.395245  0.000000
   -1.150000  0.157708 -0.397125  0.000000
   -1.140000  0.159214 -0.399016  0.000000
   -1.130000  0.160737 -0.400921  0.000000
   -1.120000  0.162278 -0.402837  0.000000
   -1.110000  0.163835 -0.404766  0.000000
   -1.100000  0.165410 -0.406706  0.000000
   -1.090000  0.167001 -0.408657  0.000000
   -1.080000  0.168609 -0.410620  0.000000
   -1.070000  0.170233 -0.412593  0.000000
   -1.060000  0.171874 -0.414577  0.000000
   -1.050000  0.173531 -0.416571  0.000000
   -1.040000  0.175205 -0.418574  0.000000
   -1.030000  0.176894 -0.420587  0.000000
   -1.020000  0.178598 -0.422609  0.000000
   -1.010000  0.180319 -0.424639  0.000000
   -1.000000  0.182054 -0.426678  0.000000
   -0.990000  0.183805 -0.428724  0.000000
   -0.980000  0.185570 -0.430778  0.000000
   -0.970000  0.187349 -0.432838  0.000000
   -0.960000  0.189143 -0.434905  0.000000
   -0.950000  0.190950 -0.436978  0.000000
   -0.940000  0.192770 -0.439056  0.000000
   -0.930000  0.194604 -0.441140  0.000000
   -0.920000  0.196450 -0.443227  0.000000
   -0.910000  0.198309 -0.445319  0.000000
   -0.900000  0.200180 -0.447414  0.000000
   -0.890000  0.202062 -0.449513  0.000000
   -0.880000  0.203955 -0.451613  0.000000
   -0.870000  0.205858 -0.453716  0.000000
   -0.860000  0.207772 -0.455820  0.000000
   -0.850000  0.209695 -0.457924  0.000000
   -0.840000  0.211627 -0.460029  0.000000
   -0.830000  0.213567 -0.462134  0.000000
   -0.820000  0.215516 -0.464237  0.000000
   -0.810000  0.217472 -0.466339  0.000000
   -0.800000  0.219435 -0.468439  0.000000
   -0.790000  0.221404 -0.470536  0.000000
   -0.780000  0.223379 -0.472629  0.000000
   -0.770000  0.225358 -0.474719  0.000000
   -0.760000  0.227342 -0.476804  0.000000
   -0.750000  0.229330 -0.478884  0.000000
   -0.740000  0.231320 -0.480958  0.000000
   -0.730000  0.233313 -0.483025  0.000000
   -0.720000  0.235308 -0.485085  0.000000
   -0.710000  0.237303 -0.487138  0.000000
   -0.700000  0.239299 -0.489181  0.000000
   -0.690000  0.241293 -0.491216  0.000000
   -0.680000  0.243287 -0.493241  0.000000
   -0.670000  0.245278 -0.495256  0.000000
   -0.660000  0.247266 -0.497259  0.000000
   -0.650000  0.249251 -0.499251  0.000000
   -0.640000  0.251231 -0.501230  0.000000
   -0.630000  0.253206 -0.503196  0.000000
   -0.620000  0.255174 -0.505148  0.000000
   -0.610000  0.257136 -0.507085  0.000000
   -0.600000  0.259089 -0.509008  0.000000
   -0.590000  0.261034 -0.510915  0.000000
   -0.580000  0.262969 -0.512805  0.000000
   -0.570000  0.264893 -0.514678  0.000000
   -0.560000  0.266807 -0.516533  0.000000
   -0.550000  0.268707 -0.518370  0.000000
   -0.540000  0.270595 -0.520188  0.000000
   -0.530000  0.272469 -0.521986  0.000000
   -0.520000  0.274328 -0.523763  0.000000
   -0.510000  0.276170 -0.525519  0.000000
   -0.500000  0.277996 -0.527254  0.000000
   -0.490000  0.279805 -0.528966  0.000000
   -0.480000  0.281595 -0.530655  0.000000
   -0.470000  0.283365 -0.532320  0.000000
   -0.460000  0.285115 -0.533961  0.000000
   -0.450000  0.286843 -0.535577  0.000000
   -0.440000  0.288550 -0.537168  0.000000
   -0.430000  0.290233 -0.538733  0.000000
   -0.420000  0.291892 -0.540270  0.000000
   -0.410000  0.293526 -0.541781  0.000000
   -0.400000  0.295135 -0.543263  0.000000
   -0.390000  0.296717 -0.544717  0.000000
   -0.380000  0.298271 -0.546142  0.000000
   -0.370000  0.299797 -0.547537  0.000000
   -0.360000  0.301294 -0.548903  0.000000
   -0.350000  0.302761 -0.550237  0.000000
   -0.340000  0.304197 -0.551540  0.000000
   -0.330000  0.305601 -0.552812  0.000000
   -0.320000  0.306973 -0.554051  0.000000
   -0.310000  0.308311 -0.555258  0.000000
   -0.300000  0.309615 -0.556431  0.000000
   -0.290000  0.310885 -0.557570  0.000000
   -0.280000  0.312119 -0.558676  0.000000
   -0.270000  0.313316 -0.559746  0.000000
   -0.260000  0.314477 -0.560782  0.000000
   -0.250000  0.315600 -0.561782  0.000000
   -0.240000  0.316684 -0.562747  0.000000
   -0.230000  0.317730 -0.563675  0.000000
   -0.220000  0.318735 -0.564567  0.000000
   -0.210000  0.319701 -0.565421  0.000000
   -0.200000  0.320626 -0.566238  0.000000
   -0.190000  0.321509 -0.567018  0.000000
   -0.180000  0.322350 -0.567759  0.000000
   -0.170000  0.323149 -0.568462  0.000000
   -0.160000  0.323905 -0.569127  0.000000
   -0.150000  0.324618 -0.569752  0.000000
   -0.140000  0.325287 -0.570339  0.000000
   -0.130000  0.325911 -0.570886  0.000000
   -0.120000  0.326491 -0.571394  0.000000
   -0.110000  0.327025 -0.571861  0.000000
   -0.100000  0.327515 -0.572289  0.000000
   -0.090000  0.327958 -0.572677  0.000000
   -0.080000  0.328356 -0.573024  0.000000
   -0.070000  0.328708 -0.573330  0.000000
   -0.060000  0.329013 -0.573596  0.000000
   -0.050000  0.329271 -0.573822  0.000000
   -0.040000  0.329483 -0.574006  0.000000
   -0.030000  0.329648 -0.574150  0.000000
   -0.020000  0.329766 -0.574252  0.000000
   -0.010000  0.329836 -0.574314  0.000000
    0.000000  0.329860 -0.574334  0.000000
    0.010000  0.329836 -0.574314 -0.000000
    0.020000  0.329766 -0.574252 -0.000000
    0.030000  0.329648 -0.574150 -0.000000
    0.040000  0.329483 -0.574006 -0.000000
    0.050000  0.329271 -0.573822 -0.000000
    0.060000  0.329013 -0.573596 -0.000000
    0.070000  0.328708 -0.573330 -0.000000
    0.080000  0.328356 -0.573024 -0.000000
    0.090000  0.327958 -0.572677 -0.000000
    0.100000  0.327515 -0.572289 -0.000000
    0.110000  0.327025 -0.571861 -0.000000
    0.120000  0.326491 -0.571394 -0.000000
    0.130000  0.325911 -0.570886 -0.000000
    0.140000  0.325287 -0.570339 -0.000000
    0.150000  0.324618 -0.569752 -0.000000
    0.160000  0.323905 -0.569127 -0.000000
    0.170000  0.323149 -0.568462 -0.000000
    0.180000  0.322350 -0.567759 -0.000000
    0.190000  0.321509 -0.567018 -0.000000
    0.200000  0.320626 -0.566238 -0.000000
    0.210000  0.319701 -0.565421 -0.000000
    0.220000  0.318735 -0.564567 -0.000000
    0.230000  0.317730 -0.563675 -0.000000
    0.240000  0.316684 -0.562747 -0.000000
    0.250000  0.315600 -0.561782 -0.000000
    0.260000  0.314477 -0.560782 -0.000000
    0.270000  0.313316 -0.559746 -0.000000
    0.280000  0.312119 -0.558676 -0.000000
    0.290000  0.310885 -0.557570 -0.000000
    0.300000  0.309615 -0.556431 -0.000000
    0.310000  0.308311 -0.555258 -0.000000
    0.320000  0.306973 -0.554051 -0.000000
    0.330000  0.305601 -0.552812 -0.000000
    0.340000  0.304197 -0.551540 -0.000000
    0.350000  0.302761 -0.550237 -0.000000
    0.360000  0.301294 -0.548903 -0.000000
    0.370000  0.299797 -0.547537 -0.000000
    0.380000  0.298271 -0.546142 -0.000000
    0.390000  0.296717 -0.544717 -0.000000
    0.400000  0.295135 -0.543263 -0.000000
    0.410000  0.293526 -0.541781 -0.000000
    0.420000  0.291892 -0.540270 -0.000000
    0.430000  0.290233 -0.538733 -0.000000
    0.440000  0.288550 -0.537168 -0.000000
    0.450000  0.286843 -0.535577 -0.000000
    0.460000  0.285115 -0.533961 -0.000000
    0.470000  0.283365 -0.532320 -0.000000
    0.480000  0.281595 -0.530655 -0.000000
    0.490000  0.279805 -0.528966 -0.000000
    0.500000  0.277996 -0.527254 -0.000000
    0.510000  0.276170 -0.525519 -0.000000
    0.520000  0.274328 -0.523763 -0.000000
    0.530000  0.272469 -0.521986 -0.000000
    0.540000  0.270595 -0.520188 -0.000000
    0.550000  0.268707 -0.518370 -0.000000
    0.560000  0.266807 -0.516533 -0.000000
    0.570000  0.264893 -0.514678 -0.000000
    0.580000  0.262969 -0.512805 -0.000000
    0.590000  0.261034 -0.510915 -0.000000
    0.600000  0.259089 -0.509008 -0.000000
    0.610000  0.257136 -0.507085 -0.000000
    0.620000  0.255174 -0.505148 -0.000000
    0.630000  0.253206 -0.503196 -0.000000
    0.640000  0.251231 -0.501230 -0.000000
    0.650000  0.249251 -0.499251 -0.000000
    0.660000  0.247266 -0.497259 -0.000000
    0.670000  0.245278 -0.495256 -0.000000
    0.680000  0.243287 -0.493241 -0.000000
    0.690000  0.241293 -0.491216 -0.000000
    0.700000  0.239299 -0.489181 -0.000000
    0.710000  0.237303 -0.487138 -0.000000
    0.720000  0.235308 -0.485085 -0.000000
    0.730000  0.233313 -0.483025 -0.000000
    0.740000  0.231320 -0.480958 -0.000000
    0.750000  0.229330 -0.478884 -0.000000
    0.760000  0.227342 -0.476804 -0.000000
    0.770000  0.225358 -0.474719 -0.000000
    0.780000  0.223379 -0.472629 -0.000000
    0.790000  0.221404 -0.470536 -0.000000
    0.800000  0.219435 -0.468439 -0.000000
    0.810000  0.217472 -0.466339 -0.000000
    0.820000  0.215516 -0.464237 -0.000000
    0.830000  0.213567 -0.462134 -0.000000
    0.840000  0.211627 -0.460029 -0.000000
    0.850000  0.209695 -0.457924 -0.000000
    0.860000  0.207772 -0.455820 -0.000000
    0.870000  0.205858 -0.453716 -0.000000
    0.880000  0.203955 -0.451613 -0.000000
    0.890000  0.202062 -0.449513 -0.000000
    0.900000  0.200180 -0.447414 -0.000000
    0.910000  0.198309 -0.445319 -0.000000
    0.920000  0.196450 -0.443227 -0.000000
    0.930000  0.194604 -0.441140 -0.000000
    0.940000  0.192770 -0.439056 -0.000000
    0.950000  0.190950 -0.436978 -0.000000
    0.960000  0.189143 -0.434905 -0.000000
    0.970000  0.187349 -0.432838 -0.000000
    0.980000  0.185570 -0.430778 -0.000000
    0.990000  0.183805 -0.428724 -0.000000
    1.000000  0.182054 -0.426678 -0.000000
    1.010000  0.180319 -0.424639 -0.000000
    1.020000  0.178598 -0.422609 -0.000000
    1.030000  0.176894 -0.420587 -0.000000
    1.040000  0.175205 -0.418574 -0.000000
    1.050000  0.173531 -0.416571 -0.000000
    1.060000  0.171874 -0.414577 -0.000000
    1.070000  0.170233 -0.412593 -0.000000
    1.080000  0.168609 -0.410620 -0.000000
    1.090000  0.167001 -0.408657 -0.000000
    1.100000  0.165410 -0.406706 -0.000000
    1.110000  0.163835 -0.404766 -0.000000
    1.120000  0.162278 -0.402837 -0.000000
    1.130000  0.160737 -0.400921 -0.000000
    1.140000  0.159214 -0.399016 -0.000000
    1.150000  0.157708 -0.397125 -0.000000
    1.160000  0.156219 -0.395245 -0.000000
    1.170000  0.154747 -0.393379 -0.000000
    1.180000  0.153293 -0.391526 -0.000000
    1.190000  0.151856 -0.389687 -0.000000
    1.200000  0.150436 -0.387861 -0.000000
    1.210000  0.149034 -0.386049 -0.000000
    1.220000  0.147648 -0.384250  0.000000
    1.230000  0.146281 -0.382466  0.000000
    1.240000  0.144930 -0.380696  0.000000
    1.250000  0.143596 -0.378941  0.000000
    1.260000  0.142280 -0.377200  0.000000
    1.270000  0.140980 -0.375473  0.000000
    1.280000  0.139698 -0.373762  0.000000
    1.290000  0.138432 -0.372065  0.000000
    1.300000  0.137183 -0.370383  0.000000
    1.310000  0.135951 -0.368715  0.000000
    1.320000  0.134735 -0.367063  0.000000
    1.330000  0.133536 -0.365426  0.000000
    1.340000  0.132353 -0.363804  0.000000
    1.350000  0.131186 -0.362197  0.000000
    1.360000  0.130036 -0.360605  0.000000
    1.370000  0.128901 -0.359028  0.000000
    1.380000  0.127782 -0.357466  0.000000
    1.390000  0.126678 -0.355918  0.000000
    1.400000  0.125590 -0.354386  0.000000
    1.410000  0.124517 -0.352869  0.000000
    1.420000  0.123459 -0.351367  0.000000
    1.430000  0.122416 -0.349879  0.000000
    1.440000  0.121387 -0.348406  0.000000
    1.450000  0.120373 -0.346948  0.000000
    1.460000  0.119373 -0.345504  0.000000
    1.470000  0.118388 -0.344075  0.000000
    1.480000  0.117416 -0.342660  0.000000
    1.490000  0.116458 -0.341259  0.000000
    1.500000  0.115513 -0.339872  0.000000
    1.510000  0.114582 -0.338499  0.000000
    1.520000  0.113664 -0.337140  0.000000
    1.530000  0.112758 -0.335795  0.000000
    1.540000  0.111865 -0.334463  0.000000
    1.550000  0.110985 -0.333144  0.000000
    1.560000  0.110117 -0.331838  0.000000
    1.570000  0.109260 -0.330545  0.000000
    1.580000  0.108416 -0.329265  0.000000
    1.590000  0.107582 -0.327998  0.000000
    1.600000  0.106761 -0.326743  0.000000
    1.610000  0.105950 -0.325500  0.000000
    1.620000  0.105150 -0.324268  0.000000
    1.630000  0.104361 -0.323049  0.000000
    1.640000  0.103582 -0.321841  0.000000
    1.650000  0.102813 -0.320645  0.000000
    1.660000  0.102054 -0.319459  0.000000
    1.670000  0.101305 -0.318285  0.000000
    1.680000  0.100566 -0.317121  0.000000
    1.690000  0.099835 -0.315967  0.000000
    1.700000  0.099114 -0.314824  0.000000
    1.710000  0.098402 -0.313690  0.000000
    1.720000  0.097698 -0.312566  0.000000
    1.730000  0.097002 -0.311452  0.000000
    1.740000  0.096315 -0.310347  0.000000
    1.750000  0.095636 -0.309251  0.000000
    1.760000  0.094964 -0.308163  0.000000
    1.770000  0.094300 -0.307084  0.000000
    1.780000  0.093644 -0.306013  0.000000
    1.790000  0.092994 -0.304950  0.000000
    1.800000  0.092352 -0.303895  0.000000
    1.810000  0.091716 -0.302847  0.000000
    1.820000  0.091087 -0.301806  0.000000
    1.830000  0.090464 -0.300773  0.000000
    1.840000  0.089848 -0.299746  0.000000
    1.850000  0.089237 -0.298726  0.000000
    1.860000  0.088632 -0.297712  0.000000
    1.870000  0.088033 -0.296704  0.000000
    1.880000  0.087439 -0.295701  0.000000
    1.890000  0.086851 -0.294705  0.000000
    1.900000  0.086268 -0.293713  0.000000
    1.910000  0.085689 -0.292727  0.000000
    1.920000  0.085116 -0.291746  0.000000
    1.930000  0.084547 -0.290769  0.000000
    1.940000  0.083982 -0.289797  0.000000
    1.950000  0.083422 -0.288829  0.000000
    1.960000  0.082866 -0.287865  0.000000
    1.970000  0.082314 -0.286905  0.000000
    1.980000  0.081766 -0.285948  0.000000
    1.990000  0.081222 -0.284995  0.000000
    2.000000  0.080681 -0.284045  0.000000
    2.010000  0.080144 -0.283098  0.000000
    2.020000  0.079611 -0.282154  0.000000
    2.030000  0.079080 -0.281212  0.000000
    2.040000  0.078553 -0.280273  0.000000
    2.050000  0.078029 -0.279337  0.000000
    2.060000  0.077508 -0.278402  0.000000
    2.070000  0.076989 -0.277470  0.000000
    2.080000  0.076474 -0.276539  0.000000
    2.090000  0.075961 -0.275610  0.000000
    2.100000  0.075451 -0.274683  0.000000
    2.110000  0.074943 -0.273757  0.000000
    2.120000  0.074437 -0.272832  0.000000
    2.130000  0.073934 -0.271909  0.000000
    2.140000  0.073434 -0.270987  0.000000
    2.150000  0.072935 -0.270065  0.000000
    2.160000  0.072439 -0.269145  0.000000
    2.170000  0.071945 -0.268225  0.000000
    2.180000  0.071452 -0.267306  0.000000
    2.190000  0.070962 -0.266387  0.000000
    2.200000  0.070474 -0.265469  0.000000
    2.210000  0.069988 -0.264552  0.000000
    2.220000  0.069503 -0.263635  0.000000
    2.230000  0.069021 -0.262718  0.000000
    2.240000  0.068540 -0.261801  0.000000
    2.250000  0.068061 -0.260885  0.000000
    2.260000  0.067584 -0.259969  0.000000
    2.270000  0.067108 -0.259052  0.000000
    2.280000  0.066634 -0.258137  0.000000
    2.290000  0.066162 -0.257221  0.000000
    2.300000  0.065692 -0.256305  0.000000
    2.310000  0.065224 -0.255389  0.000000
    2.320000  0.064757 -0.254473  0.000000
    2.330000  0.064292 -0.253558  0.000000
    2.340000  0.063828 -0.252642  0.000000
    2.350000  0.063366 -0.251727  0.000000
    2.360000  0.062906 -0.250812  0.000000
    2.370000  0.062448 -0.249896  0.000000
    2.380000  0.061992 -0.248981  0.000000
    2.390000  0.061537 -0.248067  0.000000
    2.400000  0.061084 -0.247152  0.000000
    2.410000  0.060633 -0.246238  0.000000
    2.420000  0.060184 -0.245324  0.000000
    2.430000  0.059737 -0.244411  0.000000
    2.440000  0.059291 -0.243498  0.000000
    2.450000  0.058848 -0.242585  0.000000
    2.460000  0.058406 -0.241673  0.000000
    2.470000  0.057967 -0.240762  0.000000
    2.480000  0.057529 -0.239852  0.000000
    2.490000  0.057094 -0.238943  0.000000
    2.500000  0.056660 -0.238034  0.000000
    2.510000  0.056229 -0.237127  0.000000
    2.520000  0.055800 -0.236220  0.000000
    2.530000  0.055373 -0.235315  0.000000
    2.540000  0.054949 -0.234412  0.000000
    2.550000  0.054527 -0.233509  0.000000
    2.560000  0.054107 -0.232609  0.000000
    2.570000  0.053689 -0.231710  0.000000
    2.580000  0.053274 -0.230813  0.000000
    2.590000  0.052862 -0.229917  0.000000
    2.600000  0.052452 -0.229024  0.000000
    2.610000  0.052045 -0.228133  0.000000
    2.620000  0.051640 -0.227244  0.000000
    2.630000  0.051238 -0.226358  0.000000
    2.640000  0.050839 -0.225474  0.000000
    2.650000  0.050442 -0.224593 -0.000000
    2.660000  0.050048 -0.223715  0.000000
    2.670000  0.049657 -0.222840  0.000000
    2.680000  0.049269 -0.221967 -0.000000
    2.690000  0.048884 -0.221098  0.000000
    2.700000  0.048502 -0.220233 -0.000000
    2.710000  0.048123 -0.219370 -0.000000
    2.720000  0.047747 -0.218512 -0.000000
    2.730000  0.047375 -0.217657 -0.000000
    2.740000  0.047005 -0.216806 -0.000000
    2.750000  0.046638 -0.215959 -0.000000
    2.760000  0.046275 -0.215117 -0.000000
    2.770000  0.045915 -0.214278 -0.000000
    2.780000  0.045558 -0.213444 -0.000000
    2.790000  0.045205 -0.212615 -0.000000
    2.800000  0.044855 -0.211790 -0.000000
    2.810000  0.044508 -0.210970 -0.000000
    2.820000  0.044165 -0.210155 -0.000000
    2.830000  0.043826 -0.209345 -0.000000
    2.840000  0.043489 -0.208541 -0.000000
    2.850000  0.043157 -0.207742 -0.000000
    2.860000  0.042827 -0.206948 -0.000000
    2.870000  0.042502 -0.206159 -0.000000
    2.880000  0.042180 -0.205377 -0.000000
    2.890000  0.041861 -0.204600 -0.000000
    2.900000  0.041546 -0.203829 -0.000000
    2.910000  0.041235 -0.203064 -0.000000
    2.920000  0.040928 -0.202306 -0.000000
    2.930000  0.040624 -0.201553 -0.000000
    2.940000  0.040323 -0.200807 -0.000000
    2.950000  0.040027 -0.200067 -0.000000
    2.960000  0.039734 -0.199334 -0.000000
    2.970000  0.039445 -0.198608 -0.000000
    2.980000  0.039160 -0.197888 -0.000000
    2.990000  0.038878 -0.197175 -0.000000
    3.000000  0.038600 -0.196468 -0.000000
    3.010000  0.038325 -0.195769 -0.000000
    3.020000  0.038055 -0.195076 -0.000000
    3.030000  0.037788 -0.194391 -0.000000
    3.040000  0.037525 -0.193713 -0.000000
    3.050000  0.037265 -0.193042 -0.000000
    3.060000  0.037009 -0.192378 -0.000000
    3.070000  0.036757 -0.191721 -0.000000
    3.080000  0.036509 -0.191072 -0.000000
    3.090000  0.036264 -0.190430 -0.000000
    3.100000  0.036022 -0.189796 -0.000000
    3.110000  0.035785 -0.189169 -0.000000
    3.120000  0.035551 -0.188549 -0.000000
    3.130000  0.035320 -0.187937 -0.000000
    3.140000  0.035093 -0.187332 -0.000000
    3.150000  0.034870 -0.186735 -0.000000
    3.160000  0.034650 -0.186146 -0.000000
    3.170000  0.034434 -0.185564 -0.000000
    3.180000  0.034221 -0.184989 -0.000000
    3.190000  0.034011 -0.184422 -0.000000
    3.200000  0.033805 -0.183862 -0.000000
    3.210000  0.033603 -0.183310 -0.000000
    3.220000  0.033403 -0.182765 -0.000000
    3.230000  0.033207 -0.182228 -0.000000
    3.240000  0.033014 -0.181698 -0.000000
    3.250000  0.032825 -0.181176 -0.000000
    3.260000  0.032638 -0.180660 -0.000000
    3.270000  0.032455 -0.180153 -0.000000
    3.280000  0.032275 -0.179652 -0.000000
    3.290000  0.032098 -0.179158 -0.000000
    3.300000  0.031924 -0.178672 -0.000000
    3.310000  0.031753 -0.178193 -0.000000
    3.320000  0.031585 -0.177721 -0.000000
    3.330000  0.031419 -0.177255 -0.000000
    3.340000  0.031257 -0.176797 -0.000000
    3.350000  0.031098 -0.176345 -0.000000
    3.360000  0.030941 -0.175901 -0.000000
    3.370000  0.030787 -0.175462 -0.000000
    3.380000  0.030636 -0.175031 -0.000000
    3.390000  0.030487 -0.174606 -0.000000
    3.400000  0.030341 -0.174187 -0.000000
    3.410000  0.030197 -0.173774 -0.000000
    3.420000  0.030056 -0.173368 -0.000000
    3.430000  0.029918 -0.172968 -0.000000
    3.440000  0.029782 -0.172573 -0.000000
    3.450000  0.029648 -0.172185 -0.000000
    3.460000  0.029516 -0.171803 -0.000000
    3.470000  0.029387 -0.171426 -0.000000
    3.480000  0.029260 -0.171054 -0.000000
    3.490000  0.029134 -0.170688 -0.000000
    3.500000  0.029011 -0.170328 -0.000000
    3.510000  0.028891 -0.169972 -0.000000
    3.520000  0.028772 -0.169622 -0.000000
    3.530000  0.028654 -0.169276 -0.000000
    3.540000  0.028539 -0.168936 -0.000000
    3.550000  0.028426 -0.168600 -0.000000
    3.560000  0.028314 -0.168268 -0.000000
    3.570000  0.028204 -0.167941 -0.000000
    3.580000  0.028096 -0.167619 -0.000000
    3.590000  0.027989 -0.167300 -0.000000
    3.600000  0.027884 -0.166986 -0.000000
    3.610000  0.027781 -0.166676 -0.000000
    3.620000  0.027679 -0.166369 -0.000000
    3.630000  0.027578 -0.166066 -0.000000
    3.640000  0.027479 -0.165767 -0.000000
    3.650000  0.027380 -0.165470 -0.000000
    3.660000  0.027284 -0.165178 -0.000000
    3.670000  0.027188 -0.164888 -0.000000
    3.680000  0.027094 -0.164601 -0.000000
    3.690000  0.027000 -0.164318 -0.000000
    3.700000  0.026908 -0.164037 -0.000000
    3.710000  0.026817 -0.163758 -0.000000
    3.720000  0.026726 -0.163482 -0.000000
    3.730000  0.026637 -0.163209 -0.000000
    3.740000  0.026549 -0.162937 -0.000000
    3.750000  0.026461 -0.162668 -0.000000
    3.760000  0.026374 -0.162401 -0.000000
    3.770000  0.026288 -0.162136 -0.000000
    3.780000  0.026203 -0.161872 -0.000000
    3.790000  0.026118 -0.161610 -0.000000
    3.800000  0.026034 -0.161350 -0.000000
    3.810000  0.025950 -0.161091 -0.000000
    3.820000  0.025867 -0.160834 -0.000000
    3.830000  0.025785 -0.160577 -0.000000
    3.840000  0.025703 -0.160322 -0.000000
    3.850000  0.025622 -0.160068 -0.000000
    3.860000  0.025541 -0.159815 -0.000000
    3.870000  0.025460 -0.159562 -0.000000
    3.880000  0.025380 -0.159311 -0.000000
    3.890000  0.025300 -0.159060 -0.000000
    3.900000  0.025220 -0.158809 -0.000000
    3.910000  0.025141 -0.158559 -0.000000
    3.920000  0.025062 -0.158309 -0.000000
    3.930000  0.024983 -0.158060 -0.000000
    3.940000  0.024904 -0.157811 -0.000000
    3.950000  0.024826 -0.157562 -0.000000
    3.960000  0.024748 -0.157313 -0.000000
    3.970000  0.024669 -0.157065 -0.000000
    3.980000  0.024591 -0.156816 -0.000000
    3.990000  0.024513 -0.156567 -0.000000
    4.000000  0.024436 -0.156319 -0.000000
    4.010000  0.024358 -0.156070 -0.000000
    4.020000  0.024280 -0.155821 -0.000000
    4.030000  0.024202 -0.155571 -0.000000
    4.040000  0.024125 -0.155322 -0.000000
    4.050000  0.024047 -0.155072 -0.000000
    4.060000  0.023970 -0.154822 -0.000000
    4.070000  0.023892 -0.154571 -0.000000
    4.080000  0.023815 -0.154321 -0.000000
    4.090000  0.023737 -0.154069 -0.000000
    4.100000  0.023660 -0.153818 -0.000000
    4.110000  0.023583 -0.153566 -0.000000
    4.120000  0.023505 -0.153314 -0.000000
    4.130000  0.023428 -0.153061 -0.000000
    4.140000  0.023350 -0.152808 -0.000000
    4.150000  0.023273 -0.152555 -0.000000
    4.160000  0.023196 -0.152302 -0.000000
    4.170000  0.023119 -0.152048 -0.000000
    4.180000  0.023041 -0.151794 -0.000000
    4.190000  0.022964 -0.151539 -0.000000
    4.200000  0.022887 -0.151285 -0.000000
    4.210000  0.022810 -0.151030 -0.000000
    4.220000  0.022733 -0.150775 -0.000000
    4.230000  0.022656 -0.150520 -0.000000
    4.240000  0.022580 -0.150265 -0.000000
    4.250000  0.022503 -0.150010 -0.000000
    4.260000  0.022427 -0.149755 -0.000000
    4.270000  0.022350 -0.149500 -0.000000
    4.280000  0.022274 -0.149245 -0.000000
    4.290000  0.022198 -0.148991 -0.000000
    4.300000  0.022123 -0.148737 -0.000000
    4.310000  0.022047 -0.148483 -0.000000
    4.320000  0.021972 -0.148230 -0.000000
    4.330000  0.021897 -0.147977 -0.000000
    4.340000  0.021823 -0.147724 -0.000000
    4.350000  0.021748 -0.147473 -0.000000
    4.360000  0.021674 -0.147222 -0.000000
    4.370000  0.021601 -0.146972 -0.000000
    4.380000  0.021528 -0.146723 -0.000000
    4.390000  0.021455 -0.146475 -0.000000
    4.400000  0.021383 -0.146228 -0.000000
    4.410000  0.021311 -0.145983 -0.000000
    4.420000  0.021240 -0.145738 -0.000000
    4.430000  0.021169 -0.145496 -0.000000
    4.440000  0.021099 -0.145254 -0.000000
    4.450000  0.021029 -0.145014 -0.000000
    4.460000  0.020960 -0.144776 -0.000000
    4.470000  0.020892 -0.144540 -0.000000
    4.480000  0.020824 -0.144306 -0.000000
    4.490000  0.020757 -0.144074 -0.000000
    4.500000  0.020691 -0.143844 -0.000000
    4.510000  0.020626 -0.143616 -0.000000
    4.520000  0.020561 -0.143390 -0.000000
    4.530000  0.020497 -0.143167 -0.000000
    4.540000  0.020434 -0.142947 -0.000000
    4.550000  0.020372 -0.142729 -0.000000
    4.560000  0.020310 -0.142514 -0.000000
    4.570000  0.020250 -0.142302 -0.000000
    4.580000  0.020191 -0.142093 -0.000000
    4.590000  0.020132 -0.141888 -0.000000
    4.600000  0.020075 -0.141685 -0.000000
    4.610000  0.020018 -0.141486 -0.000000
    4.620000  0.019963 -0.141290 -0.000000
    4.630000  0.019909 -0.141098 -0.000000
    4.640000  0.019855 -0.140909 -0.000000
    4.650000  0.019803 -0.140725 -0.000000
    4.660000  0.019753 -0.140544 -0.000000
    4.670000  0.019703 -0.140367 -0.000000
    4.680000  0.019654 -0.140194 -0.000000
    4.690000  0.019607 -0.140025 -0.000000
    4.700000  0.019561 -0.139861 -0.000000
    4.710000  0.019516 -0.139701 -0.000000
    4.720000  0.019473 -0.139546 -0.000000
    4.730000  0.019431 -0.139395 -0.000000
    4.740000  0.019390 -0.139249 -0.000000
    4.750000  0.019351 -0.139107 -0.000000
    4.760000  0.019313 -0.138970 -0.000000
    4.770000  0.019276 -0.138839 -0.000000
    4.780000  0.019241 -0.138712 -0.000000
    4.790000  0.019207 -0.138590 -0.000000
    4.800000  0.019175 -0.138474 -0.000000
    4.810000  0.019144 -0.138362 -0.000000
    4.820000  0.019115 -0.138256 -0.000000
    4.830000  0.019087 -0.138155 -0.000000
    4.840000  0.019061 -0.138060 -0.000000
    4.850000  0.019036 -0.137970 -0.000000
    4.860000  0.019013 -0.137886 -0.000000
    4.870000  0.018991 -0.137807 -0.000000
    4.880000  0.018971 -0.137734 -0.000000
    4.890000  0.018952 -0.137667 -0.000000
    4.900000  0.018935 -0.137605 -0.000000
    4.910000  0.018920 -0.137549 -0.000000
    4.920000  0.018906 -0.137499 -0.000000
    4.930000  0.018894 -0.137455 -0.000000
    4.940000  0.018883 -0.137416 -0.000000
    4.950000  0.018874 -0.137383 -0.000000
    4.960000  0.018867 -0.137357 -0.000000
    4.970000  0.018861 -0.137336 -0.000000
    4.980000  0.018857 -0.137321 -0.000000
    4.990000  0.018855 -0.137312 -0.000000
    5.000000  0.018854 -0.137309 -0.000000
